// Vitest Snapshot v1, https://vitest.dev/guide/snapshot.html

exports[`public API surface > matches the frozen export snapshot 1`] = `
[
  "Aggregator",
  "AreaChart",
  "Axis",
  "BarChart",
  "Brush",
  "CameraTour",
  "CapabilityProbe",
  "DataStream",
  "FocusFollower",
  "FrameBudget",
  "GPGPU",
  "Graph3D",
  "Graph3DLoop",
  "Graph3DRegistry",
  "Graph3DRenderer",
  "GraphAnim",
  "GraphAnimKeyframe",
  "GraphAnimTimeline",
  "GraphChart",
  "GraphInstancedObject",
  "GraphLine",
  "GraphMesh",
  "GraphObject",
  "GraphObjectFactory",
  "GraphObjectLoader",
  "GraphObjectMaterial",
  "GraphScene",
  "GraphSceneCamera",
  "GraphSceneClipping",
  "GraphSceneEnvironment",
  "GraphSceneLight",
  "GraphSceneSetup",
  "GraphSceneShadows",
  "HeatmapChart",
  "INSTANCING_THRESHOLD",
  "JoinDiff",
  "KeyboardNav",
  "LOD",
  "Lasso",
  "LineChart",
  "NetworkChart",
  "Octree",
  "OriginShift",
  "PackChart",
  "ParticleSystem",
  "Picker",
  "PieChart",
  "PointerRouter",
  "PostFX",
  "SDFText",
  "ScatterChart",
  "Selection",
  "SelectionTransition",
  "StateMachine",
  "SurfaceChart",
  "Transition",
  "TreeChart",
  "VERSION",
  "VolumeChart",
  "WorkerPool",
  "accessor",
  "accessorField",
  "anim",
  "annotation",
  "assignDepthJitter",
  "bezier",
  "buildBuffers",
  "color",
  "createWorkerFactory",
  "curve",
  "effects",
  "fixWinding",
  "generator",
  "interpolate",
  "interpolateArray",
  "interpolateHsl",
  "interpolateLab",
  "interpolateNumber",
  "interpolateObject",
  "interpolateRgb",
  "layout",
  "link",
  "loop",
  "material",
  "memoryPressure",
  "middleware",
  "noise",
  "palette",
  "recomputeNormals",
  "registerWorkerTask",
  "registry",
  "resolve",
  "scale",
  "spring",
  "texture",
  "transform",
  "validateGeometry",
]
`;
